Press <enter> or send a sigterm or a sigint to finish
 * Serving Flask app "weblab.comm.proxy_server" (lazy loading)
 * Environment: production
   WARNING: Do not use the development server in a production environment.
   Use a production WSGI server instead.
 * Debug mode: off
 * Serving Flask app "voodoo.gen.servers" (lazy loading)
 * Environment: production
   WARNING: Do not use the development server in a production environment.
   Use a production WSGI server instead.
 * Debug mode: off
Starting core server... Sat Jan 25 19:30:53 2025
 * Serving Flask app "voodoo.gen.servers" (lazy loading)
 * Environment: production
   WARNING: Do not use the development server in a production environment.
   Use a production WSGI server instead.
 * Debug mode: off
Press <enter> or send a sigterm or a sigint to finish
 * Serving Flask app "weblab.comm.proxy_server" (lazy loading)
 * Environment: production
   WARNING: Do not use the development server in a production environment.
   Use a production WSGI server instead.
 * Debug mode: off
Starting core server... Sat Jan 25 19:33:31 2025
Press <enter> or send a sigterm or a sigint to finish
 * Serving Flask app "weblab.comm.proxy_server" (lazy loading)
 * Environment: production
   WARNING: Do not use the development server in a production environment.
   Use a production WSGI server instead.
 * Debug mode: off
 * Serving Flask app "voodoo.gen.servers" (lazy loading)
 * Environment: production
   WARNING: Do not use the development server in a production environment.
   Use a production WSGI server instead.
 * Debug mode: off
Starting core server... Sat Jan 25 19:41:10 2025
Press <enter> or send a sigterm or a sigint to finish
 * Serving Flask app "weblab.comm.proxy_server" (lazy loading)
 * Environment: production
   WARNING: Do not use the development server in a production environment.
   Use a production WSGI server instead.
 * Debug mode: off
 * Serving Flask app "voodoo.gen.servers" (lazy loading)
 * Environment: production
   WARNING: Do not use the development server in a production environment.
   Use a production WSGI server instead.
 * Debug mode: off
Starting core server... Sun Jan 26 20:46:13 2025
Press <enter> or send a sigterm or a sigint to finish
 * Serving Flask app "weblab.comm.proxy_server" (lazy loading)
 * Environment: production
   WARNING: Do not use the development server in a production environment.
   Use a production WSGI server instead.
 * Debug mode: off
Starting core server... Thu Jan 30 11:08:26 2025
Press <enter> or send a sigterm or a sigint to finish
 * Serving Flask app "weblab.comm.proxy_server" (lazy loading)
 * Environment: production
   WARNING: Do not use the development server in a production environment.
   Use a production WSGI server instead.
 * Debug mode: off
Starting core server... Thu Jan 30 11:11:20 2025
Stopping servers...
Press <enter> or send a sigterm or a sigint to finish
 * Serving Flask app "weblab.comm.proxy_server" (lazy loading)
 * Environment: production
   WARNING: Do not use the development server in a production environment.
   Use a production WSGI server instead.
 * Debug mode: off
Starting core server... Thu Jan 30 13:26:23 2025
Press <enter> or send a sigterm or a sigint to finish
 * Serving Flask app "weblab.comm.proxy_server" (lazy loading)
 * Environment: production
   WARNING: Do not use the development server in a production environment.
   Use a production WSGI server instead.
 * Debug mode: off
Starting core server... Sat Feb  1 11:59:07 2025
Press <enter> or send a sigterm or a sigint to finish
 * Serving Flask app "weblab.comm.proxy_server" (lazy loading)
 * Environment: production
   WARNING: Do not use the development server in a production environment.
   Use a production WSGI server instead.
 * Debug mode: off
Starting core server... Sat Feb  1 13:35:34 2025
Press <enter> or send a sigterm or a sigint to finish
 * Serving Flask app "weblab.comm.proxy_server" (lazy loading)
 * Environment: production
   WARNING: Do not use the development server in a production environment.
   Use a production WSGI server instead.
 * Debug mode: off
Starting core server... Sat Feb  1 18:04:38 2025
Press <enter> or send a sigterm or a sigint to finish
 * Serving Flask app "weblab.comm.proxy_server" (lazy loading)
 * Environment: production
   WARNING: Do not use the development server in a production environment.
   Use a production WSGI server instead.
 * Debug mode: off
Starting core server... Sat Feb  1 18:36:42 2025
Press <enter> or send a sigterm or a sigint to finish
 * Serving Flask app "weblab.comm.proxy_server" (lazy loading)
 * Environment: production
   WARNING: Do not use the development server in a production environment.
   Use a production WSGI server instead.
 * Debug mode: off
Starting core server... Sat Feb  1 18:50:13 2025
Press <enter> or send a sigterm or a sigint to finish
 * Serving Flask app "weblab.comm.proxy_server" (lazy loading)
 * Environment: production
   WARNING: Do not use the development server in a production environment.
   Use a production WSGI server instead.
 * Debug mode: off
Starting core server... Sun Feb  2 19:36:57 2025
Press <enter> or send a sigterm or a sigint to finish
 * Serving Flask app "weblab.comm.proxy_server" (lazy loading)
 * Environment: production
   WARNING: Do not use the development server in a production environment.
   Use a production WSGI server instead.
 * Debug mode: off
Starting core server... Mon Feb  3 19:13:45 2025
